
> qq-house-h5@0.2.0 dev
> vite --host 127.0.0.1


  [32m[1mVITE[22m v5.4.21[39m  [2mready in [0m[1m289[22m[2m[0m ms[22m

  [32m➜[39m  [1mLocal[22m:   [36mhttp://127.0.0.1:[1m5173[22m/[39m
[2m09:25:34[22m [36m[1m[vite][22m[39m [32mhmr update [39m[2m/src/pages/WorkspacePages.tsx[22m
[2m09:25:34[22m [36m[1m[vite][22m[39m [32mhmr update [39m[2m/src/pages/WorkspacePages.tsx[22m
[2m09:47:27[22m [36m[1m[vite][22m[39m [32mhmr update [39m[2m/src/pages/WorkspacePages.tsx[22m
[2m09:48:05[22m [36m[1m[vite][22m[39m [32mhmr update [39m[2m/src/pages/SceneEditorPage.tsx[22m
[2m09:48:53[22m [36m[1m[vite][22m[39m [32mhmr update [39m[2m/src/app.css[22m
[2m09:49:04[22m [36m[1m[vite][22m[39m [32mhmr update [39m[2m/src/pages/SceneEditorPage.tsx[22m
[2m09:51:21[22m [36m[1m[vite][22m[39m [32mhmr update [39m[2m/src/app.css[22m
[2m09:55:37[22m [36m[1m[vite][22m[39m [32mhmr update [39m[2m/src/pages/SceneEditorPage.tsx[22m
[2m09:55:37[22m [36m[1m[vite][22m[39m [32mhmr update [39m[2m/src/app.css[22m
[2m09:57:02[22m [36m[1m[vite][22m[39m [32mhmr update [39m[2m/src/app.css[22m
[2m09:57:03[22m [36m[1m[vite][22m[39m [32mhmr update [39m[2m/src/pages/SceneEditorPage.tsx[22m
[2m10:02:47[22m [36m[1m[vite][22m[39m [32mhmr update [39m[2m/src/pages/WorkspacePages.tsx[22m
[2m10:02:48[22m [36m[1m[vite][22m[39m [32mhmr update [39m[2m/src/app.css[22m
[2m10:05:17[22m [36m[1m[vite][22m[39m [32mhmr update [39m[2m/src/pages/WorkspacePages.tsx[22m
[2m10:05:17[22m [36m[1m[vite][22m[39m [32mhmr update [39m[2m/src/app.css[22m
[2m10:06:16[22m [36m[1m[vite][22m[39m [32mhmr update [39m[2m/src/components/AppShell.tsx[22m
[2m10:06:16[22m [36m[1m[vite][22m[39m [32mhmr update [39m[2m/src/app.css[22m
[2m10:07:14[22m [36m[1m[vite][22m[39m [32mhmr update [39m[2m/src/app.css[22m
[2m10:20:21[22m [36m[1m[vite][22m[39m [32mhmr update [39m[2m/src/pages/WorkspacePages.tsx[22m
[2m10:35:55[22m [36m[1m[vite][22m[39m [32mhmr update [39m[2m/src/app.css[22m
[2m10:35:55[22m [36m[1m[vite][22m[39m [32mhmr update [39m[2m/src/components/AppShell.tsx[22m
[2m10:35:55[22m [36m[1m[vite][22m[39m [32mhmr update [39m[2m/src/pages/SceneEditorPage.tsx[22m
[2m10:35:55[22m [36m[1m[vite][22m[39m [32mhmr update [39m[2m/src/pages/SceneEditorPage.tsx[22m
[2m10:35:55[22m [36m[1m[vite][22m[39m [32mhmr update [39m[2m/src/pages/WorkspacePages.tsx[22m
[2m10:38:24[22m [36m[1m[vite][22m[39m [32mhmr update [39m[2m/src/pages/SceneEditorPage.tsx[22m
[2m10:38:24[22m [36m[1m[vite][22m[39m [32mhmr update [39m[2m/src/pages/InspirationPage.tsx, /src/pages/FeedPage.tsx, /src/pages/SceneEditorPage.tsx, /src/pages/WorkspacePages.tsx[22m
[2m10:38:24[22m [36m[1m[vite][22m[39m [32mhmr update [39m[2m/src/app.css[22m
[2m10:38:52[22m [36m[1m[vite][22m[39m [32mhmr update [39m[2m/src/app.css[22m
[2m10:38:52[22m [36m[1m[vite][22m[39m [32mhmr update [39m[2m/src/components/AppShell.tsx[22m
[2m10:38:52[22m [36m[1m[vite][22m[39m [32mpage reload [39m[2msrc/lib/snapshotSceneAdapter.ts[22m
[2m10:38:52[22m [36m[1m[vite][22m[39m [32mhmr update [39m[2m/src/pages/SceneEditorPage.tsx[22m
[2m10:38:52[22m [36m[1m[vite][22m[39m [32mhmr update [39m[2m/src/pages/WorkspacePages.tsx[22m
[2m10:39:40[22m [36m[1m[vite][22m[39m [32mhmr update [39m[2m/src/pages/SceneEditorPage.tsx[22m
[2m10:40:31[22m [36m[1m[vite][22m[39m [32mhmr update [39m[2m/src/pages/SceneEditorPage.tsx[22m
[2m10:40:53[22m [36m[1m[vite][22m[39m [32mhmr update [39m[2m/src/pages/SceneEditorPage.tsx[22m
[2m10:42:19[22m [36m[1m[vite][22m[39m [32mhmr update [39m[2m/src/pages/SceneEditorPage.tsx[22m
[2m11:15:03[22m [36m[1m[vite][22m[39m [32mhmr update [39m[2m/src/pages/InspirationPage.tsx, /src/pages/FeedPage.tsx, /src/pages/SceneEditorPage.tsx, /src/pages/WorkspacePages.tsx[22m
[2m11:15:03[22m [36m[1m[vite][22m[39m [32mvite.config.ts changed, restarting server...[39m
[2m11:15:04[22m [36m[1m[vite][22m[39m server restarted.
[2m11:15:50[22m [36m[1m[vite][22m[39m [32mhmr update [39m[2m/src/pages/FeedPage.tsx[22m
[2m11:16:37[22m [36m[1m[vite][22m[39m [32mhmr update [39m[2m/src/app.css[22m
[2m11:23:40[22m [36m[1m[vite][22m[39m [32mhmr update [39m[2m/src/pages/InspirationPage.tsx, /src/pages/FeedPage.tsx, /src/pages/SceneEditorPage.tsx, /src/pages/WorkspacePages.tsx[22m
[2m11:23:41[22m [36m[1m[vite][22m[39m [32mhmr update [39m[2m/src/pages/InspirationPage.tsx, /src/pages/FeedPage.tsx, /src/pages/SceneEditorPage.tsx, /src/pages/WorkspacePages.tsx[22m
[2m11:31:02[22m [36m[1m[vite][22m[39m [32mhmr update [39m[2m/src/pages/FeedPage.tsx, /src/pages/SceneEditorPage.tsx, /src/pages/WorkspacePages.tsx[22m
[2m11:31:17[22m [36m[1m[vite][22m[39m [32mhmr update [39m[2m/src/components/ProductRecognizeSheet.tsx[22m
[2m11:31:49[22m [36m[1m[vite][22m[39m [32mhmr update [39m[2m/src/pages/FeedPage.tsx[22m
[2m11:32:17[22m [36m[1m[vite][22m[39m [32mhmr update [39m[2m/src/pages/FeedPage.tsx[22m
[2m11:33:03[22m [36m[1m[vite][22m[39m [32mhmr update [39m[2m/src/pages/InspirationPage.tsx[22m
[2m11:33:28[22m [36m[1m[vite][22m[39m [32mhmr update [39m[2m/src/components/ProductRecognizeSheet.tsx[22m
[2m11:33:55[22m [36m[1m[vite][22m[39m [32mhmr update [39m[2m/src/app.css[22m
[2m11:34:45[22m [36m[1m[vite][22m[39m [32mhmr update [39m[2m/src/pages/SceneEditorPage.tsx[22m
[2m11:35:06[22m [36m[1m[vite][22m[39m [32mhmr update [39m[2m/src/pages/SceneEditorPage.tsx[22m
[2m11:35:20[22m [36m[1m[vite][22m[39m [32mhmr update [39m[2m/src/pages/SceneEditorPage.tsx[22m
[2m11:35:32[22m [36m[1m[vite][22m[39m [32mhmr update [39m[2m/src/pages/SceneEditorPage.tsx[22m
[2m11:35:51[22m [36m[1m[vite][22m[39m [32mhmr update [39m[2m/src/pages/SceneEditorPage.tsx[22m
[2m11:37:38[22m [36m[1m[vite][22m[39m [32mhmr update [39m[2m/src/pages/FeedPage.tsx[22m
[2m11:37:39[22m [36m[1m[vite][22m[39m [32mhmr update [39m[2m/src/pages/InspirationPage.tsx[22m
[2m11:37:51[22m [36m[1m[vite][22m[39m [32mhmr update [39m[2m/src/pages/InspirationPage.tsx[22m
[2m11:38:04[22m [36m[1m[vite][22m[39m [32mhmr update [39m[2m/src/app.css[22m
[2m11:38:39[22m [36m[1m[vite][22m[39m [32mhmr update [39m[2m/src/app.css[22m
[2m11:39:04[22m [36m[1m[vite][22m[39m [32mhmr update [39m[2m/src/pages/SceneEditorPage.tsx[22m
[2m11:39:04[22m [36m[1m[vite][22m[39m [32mhmr update [39m[2m/src/pages/InspirationPage.tsx[22m
[2m11:39:36[22m [36m[1m[vite][22m[39m [32mhmr update [39m[2m/src/pages/WorkspacePages.tsx[22m
[2m11:40:02[22m [36m[1m[vite][22m[39m [32mhmr update [39m[2m/src/pages/FeedPage.tsx[22m
[2m11:40:03[22m [36m[1m[vite][22m[39m [32mhmr update [39m[2m/src/pages/WorkspacePages.tsx[22m
[2m11:40:46[22m [36m[1m[vite][22m[39m [32mhmr update [39m[2m/src/pages/WorkspacePages.tsx[22m
[2m11:41:19[22m [36m[1m[vite][22m[39m [32mhmr update [39m[2m/src/pages/InspirationPage.tsx[22m
[2m11:41:31[22m [36m[1m[vite][22m[39m [32mhmr update [39m[2m/src/pages/InspirationPage.tsx[22m
[2m11:41:58[22m [36m[1m[vite][22m[39m [32mhmr update [39m[2m/src/pages/WorkspacePages.tsx[22m
[2m11:44:33[22m [36m[1m[vite][22m[39m [32mhmr update [39m[2m/src/pages/SceneEditorPage.tsx[22m
[2m11:44:34[22m [36m[1m[vite][22m[39m [32mhmr update [39m[2m/src/components/ModelPreview3D.tsx[22m
[2m11:44:34[22m [36m[1m[vite][22m[39m [32mhmr update [39m[2m/src/app.css[22m
[2m11:49:34[22m [36m[1m[vite][22m[39m [32mhmr update [39m[2m/src/pages/InspirationPage.tsx[22m
[2m11:49:34[22m [36m[1m[vite][22m[39m [32mhmr update [39m[2m/src/pages/WorkspacePages.tsx[22m
[2m11:49:35[22m [36m[1m[vite][22m[39m [32mhmr update [39m[2m/src/pages/SceneEditorPage.tsx[22m
[2m11:50:59[22m [36m[1m[vite][22m[39m [32mhmr update [39m[2m/src/app.css[22m
[2m11:51:00[22m [36m[1m[vite][22m[39m [32mhmr update [39m[2m/src/app.css[22m
[2m11:51:00[22m [36m[1m[vite][22m[39m [32mhmr update [39m[2m/src/app.css[22m
[2m11:51:01[22m [36m[1m[vite][22m[39m [32mhmr update [39m[2m/src/app.css[22m
[2m11:52:45[22m [36m[1m[vite][22m[39m [32mhmr update [39m[2m/src/pages/WorkspacePages.tsx[22m
[2m11:52:45[22m [36m[1m[vite][22m[39m [32mhmr update [39m[2m/src/pages/SceneEditorPage.tsx[22m
[2m11:52:46[22m [36m[1m[vite][22m[39m [32mhmr update [39m[2m/src/app.css[22m
[2m11:55:01[22m [36m[1m[vite][22m[39m [32mhmr update [39m[2m/src/components/FurnitureModelCarousel.tsx[22m
[2m11:55:01[22m [36m[1m[vite][22m[39m [32mhmr update [39m[2m/src/app.css[22m
[2m12:04:05[22m [36m[1m[vite][22m[39m [32mhmr update [39m[2m/src/pages/FeedPage.tsx[22m
[2m12:04:50[22m [36m[1m[vite][22m[39m [32mhmr update [39m[2m/src/pages/WorkspacePages.tsx[22m
[2m12:04:51[22m [36m[1m[vite][22m[39m [32mhmr update [39m[2m/src/pages/SceneEditorPage.tsx[22m
[2m12:05:05[22m [36m[1m[vite][22m[39m [32mhmr update [39m[2m/src/app.css[22m
[2m12:05:22[22m [36m[1m[vite][22m[39m [32mhmr update [39m[2m/src/app.css[22m
[2m12:09:15[22m [36m[1m[vite][22m[39m [32mhmr update [39m[2m/src/pages/FeedPage.tsx, /src/pages/SceneEditorPage.tsx, /src/pages/WorkspacePages.tsx, /src/pages/InspirationPage.tsx[22m
[2m12:15:41[22m [36m[1m[vite][22m[39m [32mhmr update [39m[2m/src/pages/FeedPage.tsx[22m
[2m12:15:42[22m [36m[1m[vite][22m[39m [32mhmr update [39m[2m/src/pages/SceneEditorPage.tsx[22m
[2m12:16:37[22m [36m[1m[vite][22m[39m [32mhmr update [39m[2m/src/app.css[22m
[2m12:16:37[22m [36m[1m[vite][22m[39m [32mhmr update [39m[2m/src/app.css[22m
[2m12:17:12[22m [36m[1m[vite][22m[39m [32mhmr update [39m[2m/src/pages/FeedPage.tsx[22m
